[    0.000000] Initializing cgroup subsys cpuset
[    0.000000] Initializing cgroup subsys cpu
[    0.000000] Initializing cgroup subsys cpuacct
[    0.000000] Linux version 4.4.0-138-generic (buildd@lcy01-amd64-006) (gcc version 5.4.0 20160609 (Ubuntu 5.4.0-6ubuntu1~16.04.10) ) #164-Ubuntu SMP Tue Oct 2 17:16:02 UTC 2018 (Ubuntu 4.4.0-138.164-generic 4.4.155)
[    0.000000] Command line: BOOT_IMAGE=/boot/vmlinuz-4.4.0-138-generic root=LABEL=cloudimg-rootfs ro console=tty1 console=ttyS0
[    0.000000] KERNEL supported cpus:
[    0.000000]   Intel GenuineIntel
[    0.000000]   AMD AuthenticAMD
[    0.000000]   Centaur CentaurHauls
[    0.000000] x86/fpu: xstate_offset[2]:  576, xstate_sizes[2]:  256
[    0.000000] x86/fpu: Supporting XSAVE feature 0x01: 'x87 floating point registers'
[    0.000000] x86/fpu: Supporting XSAVE feature 0x02: 'SSE registers'
[    0.000000] x86/fpu: Supporting XSAVE feature 0x04: 'AVX registers'
[    0.000000] x86/fpu: Enabled xstate features 0x7, context size is 832 bytes, using 'standard' format.
[    0.000000] e820: BIOS-provided physical RAM map:
[    0.000000] BIOS-e820: [mem 0x0000000000000000-0x000000000009fbff] usable
[    0.000000] BIOS-e820: [mem 0x000000000009fc00-0x000000000009ffff] reserved
[    0.000000] BIOS-e820: [mem 0x00000000000f0000-0x00000000000fffff] reserved
[    0.000000] BIOS-e820: [mem 0x0000000000100000-0x000000007ffeffff] usable
[    0.000000] BIOS-e820: [mem 0x000000007fff0000-0x000000007fffffff] ACPI data
[    0.000000] BIOS-e820: [mem 0x00000000fec00000-0x00000000fec00fff] reserved
[    0.000000] BIOS-e820: [mem 0x00000000fee00000-0x00000000fee00fff] reserved
[    0.000000] BIOS-e820: [mem 0x00000000fffc0000-0x00000000ffffffff] reserved
[    0.000000] NX (Execute Disable) protection: active
[    0.000000] SMBIOS 2.5 present.
[    0.000000] Hypervisor detected: KVM
[    0.000000] e820: last_pfn = 0x7fff0 max_arch_pfn = 0x400000000
[    0.000000] MTRR: Disabled
[    0.000000] x86/PAT: MTRRs disabled, skipping PAT initialization too.
[    0.000000] CPU MTRRs all blank - virtualized system.
[    0.000000] x86/PAT: Configuration [0-7]: WB  WT  UC- UC  WB  WT  UC- UC  
[    0.000000] found SMP MP-table at [mem 0x0009fff0-0x0009ffff] mapped at [ffff88000009fff0]
[    0.000000] Scanning 1 areas for low memory corruption
[    0.000000] RAMDISK: [mem 0x361ee000-0x370eefff]
[    0.000000] ACPI: Early table checksum verification disabled
[    0.000000] ACPI: RSDP 0x00000000000E0000 000024 (v02 VBOX  )
[    0.000000] ACPI: XSDT 0x000000007FFF0030 00003C (v01 VBOX   VBOXXSDT 00000001 ASL  00000061)
[    0.000000] ACPI: FACP 0x000000007FFF00F0 0000F4 (v04 VBOX   VBOXFACP 00000001 ASL  00000061)
[    0.000000] ACPI: DSDT 0x000000007FFF0470 0021FF (v02 VBOX   VBOXBIOS 00000002 INTL 20160108)
[    0.000000] ACPI: FACS 0x000000007FFF0200 000040
[    0.000000] ACPI: FACS 0x000000007FFF0200 000040
[    0.000000] ACPI: APIC 0x000000007FFF0240 00005C (v02 VBOX   VBOXAPIC 00000001 ASL  00000061)
[    0.000000] ACPI: SSDT 0x000000007FFF02A0 0001CC (v01 VBOX   VBOXCPUT 00000002 INTL 20160108)
[    0.000000] No NUMA configuration found
[    0.000000] Faking a node at [mem 0x0000000000000000-0x000000007ffeffff]
[    0.000000] NODE_DATA(0) allocated [mem 0x7ffeb000-0x7ffeffff]
[    0.000000] kvm-clock: Using msrs 4b564d01 and 4b564d00
[    0.000000] kvm-clock: cpu 0, msr 0:7ffe3001, primary cpu clock
[    0.000000] kvm-clock: using sched offset of 3820851560 cycles
[    0.000000] clocksource: kvm-clock: mask: 0xffffffffffffffff max_cycles: 0x1cd42e4dffb, max_idle_ns: 881590591483 ns
[    0.000000] Zone ranges:
[    0.000000]   DMA      [mem 0x0000000000001000-0x0000000000ffffff]
[    0.000000]   DMA32    [mem 0x0000000001000000-0x000000007ffeffff]
[    0.000000]   Normal   empty
[    0.000000]   Device   empty
[    0.000000] Movable zone start for each node
[    0.000000] Early memory node ranges
[    0.000000]   node   0: [mem 0x0000000000001000-0x000000000009efff]
[    0.000000]   node   0: [mem 0x0000000000100000-0x000000007ffeffff]
[    0.000000] Initmem setup node 0 [mem 0x0000000000001000-0x000000007ffeffff]
[    0.000000] ACPI: PM-Timer IO Port: 0x4008
[    0.000000] IOAPIC[0]: apic_id 2, version 32, address 0xfec00000, GSI 0-23
[    0.000000] ACPI: INT_SRC_OVR (bus 0 bus_irq 0 global_irq 2 dfl dfl)
[    0.000000] ACPI: INT_SRC_OVR (bus 0 bus_irq 9 global_irq 9 low level)
[    0.000000] Using ACPI (MADT) for SMP configuration information
[    0.000000] smpboot: Allowing 2 CPUs, 0 hotplug CPUs
[    0.000000] PM: Registered nosave memory: [mem 0x00000000-0x00000fff]
[    0.000000] PM: Registered nosave memory: [mem 0x0009f000-0x0009ffff]
[    0.000000] PM: Registered nosave memory: [mem 0x000a0000-0x000effff]
[    0.000000] PM: Registered nosave memory: [mem 0x000f0000-0x000fffff]
[    0.000000] e820: [mem 0x80000000-0xfebfffff] available for PCI devices
[    0.000000] Booting paravirtualized kernel on KVM
[    0.000000] clocksource: refined-jiffies: mask: 0xffffffff max_cycles: 0xffffffff, max_idle_ns: 7645519600211568 ns
[    0.000000] setup_percpu: NR_CPUS:512 nr_cpumask_bits:512 nr_cpu_ids:2 nr_node_ids:1
[    0.000000] PERCPU: Embedded 34 pages/cpu @ffff88007fc00000 s99608 r8192 d31464 u1048576
[    0.000000] PV qspinlock hash table entries: 256 (order: 0, 4096 bytes)
[    0.000000] Built 1 zonelists in Node order, mobility grouping on.  Total pages: 515960
[    0.000000] Policy zone: DMA32
[    0.000000] Kernel command line: BOOT_IMAGE=/boot/vmlinuz-4.4.0-138-generic root=LABEL=cloudimg-rootfs ro console=tty1 console=ttyS0
[    0.000000] PID hash table entries: 4096 (order: 3, 32768 bytes)
[    0.000000] Memory: 2029332K/2096696K available (8563K kernel code, 1314K rwdata, 4004K rodata, 1528K init, 1316K bss, 67364K reserved, 0K cma-reserved)
[    0.000000] SLUB: HWalign=64, Order=0-3, MinObjects=0, CPUs=2, Nodes=1
[    0.000000] Kernel/User page tables isolation: enabled
[    0.000000] Hierarchical RCU implementation.
[    0.000000] 	Build-time adjustment of leaf fanout to 64.
[    0.000000] 	RCU restricting CPUs from NR_CPUS=512 to nr_cpu_ids=2.
[    0.000000] RCU: Adjusting geometry for rcu_fanout_leaf=64, nr_cpu_ids=2
[    0.000000] NR_IRQS:33024 nr_irqs:440 16
[    0.000000] Console: colour VGA+ 80x25
[    0.000000] console [tty1] enabled
[    0.000000] console [ttyS0] enabled
[    0.000000] tsc: Detected 2592.000 MHz processor
[    0.158363] Calibrating delay loop (skipped) preset value.. 5184.00 BogoMIPS (lpj=10368000)
[    0.159997] pid_max: default: 32768 minimum: 301
[    0.160897] ACPI: Core revision 20150930
[    0.162626] ACPI: 2 ACPI AML tables successfully acquired and loaded
[    0.163957] Security Framework initialized
[    0.164679] Yama: becoming mindful.
[    0.165339] AppArmor: AppArmor initialized
[    0.166783] Dentry cache hash table entries: 262144 (order: 9, 2097152 bytes)
[    0.168454] Inode-cache hash table entries: 131072 (order: 8, 1048576 bytes)
[    0.170351] Mount-cache hash table entries: 4096 (order: 3, 32768 bytes)
[    0.171530] Mountpoint-cache hash table entries: 4096 (order: 3, 32768 bytes)
[    0.178407] Initializing cgroup subsys io
[    0.179213] Initializing cgroup subsys memory
[    0.180126] Initializing cgroup subsys devices
[    0.181058] Initializing cgroup subsys freezer
[    0.182071] Initializing cgroup subsys net_cls
[    0.182949] Initializing cgroup subsys perf_event
[    0.183858] Initializing cgroup subsys net_prio
[    0.185769] Initializing cgroup subsys hugetlb
[    0.187575] Initializing cgroup subsys pids
[    0.189513] mce: CPU supports 0 MCE banks
[    0.190368] Last level iTLB entries: 4KB 64, 2MB 8, 4MB 8
[    0.191416] Last level dTLB entries: 4KB 64, 2MB 0, 4MB 0, 1GB 4
[    0.192652] Spectre V2 : Mitigation: Full generic retpoline
[    0.193869] Spectre V2 : Spectre v2 mitigation: Speculation control IBPB not-supported IBRS not-supported
[    0.195664] Spectre V2 : Spectre v2 / SpectreRSB mitigation: Filling RSB on context switch
[    0.197844] Speculative Store Bypass: Vulnerable
[    0.201168] Freeing SMP alternatives memory: 32K
[    0.209555] ftrace: allocating 32278 entries in 127 pages
[    0.260156] smpboot: APIC(0) Converting physical 0 to logical package 0
[    0.261310] smpboot: Max logical packages: 1
[    0.262437] x2apic enabled
[    0.263277] Switched APIC routing to physical x2apic.
[    0.265269] ..TIMER: vector=0x30 apic1=0 pin1=2 apic2=-1 pin2=-1
[    0.373876] smpboot: CPU0: Intel(R) Core(TM) i7-6700HQ CPU @ 2.60GHz (family: 0x6, model: 0x5e, stepping: 0x3)
[    0.376099] Performance Events: unsupported p6 CPU model 94 no PMU driver, software events only.
[    0.377995] KVM setup paravirtual spinlock
[    0.379917] x86: Booting SMP configuration:
[    0.380743] .... node  #0, CPUs:      #1
[    0.381765] kvm-clock: cpu 1, msr 0:7ffe3041, secondary cpu clock
[    0.383627] mce: CPU supports 0 MCE banks
[    0.386148] x86: Booted up 1 node, 2 CPUs
[    0.387166] smpboot: Total of 2 processors activated (10368.00 BogoMIPS)
[    0.388733] devtmpfs: initialized
[    0.391469] evm: security.selinux
[    0.392199] evm: security.SMACK64
[    0.392913] evm: security.SMACK64EXEC
[    0.393699] evm: security.SMACK64TRANSMUTE
[    0.394570] evm: security.SMACK64MMAP
[    0.395356] evm: security.ima
[    0.396011] evm: security.capability
[    0.397016] clocksource: jiffies: mask: 0xffffffff max_cycles: 0xffffffff, max_idle_ns: 7645041785100000 ns
[    0.398907] futex hash table entries: 512 (order: 3, 32768 bytes)
[    0.400214] pinctrl core: initialized pinctrl subsystem
[    0.401329] RTC time: 14:44:59, date: 11/08/18
[    0.402470] NET: Registered protocol family 16
[    0.413999] cpuidle: using governor ladder
[    0.426119] cpuidle: using governor menu
[    0.428677] PCCT header not found.
[    0.431291] ACPI: bus type PCI registered
[    0.433815] acpiphp: ACPI Hot Plug PCI Controller Driver version: 0.5
[    0.437603] PCI: Using configuration type 1 for base access
[    0.454988] ACPI: Added _OSI(Module Device)
[    0.456744] ACPI: Added _OSI(Processor Device)
[    0.458563] ACPI: Added _OSI(3.0 _SCP Extensions)
[    0.460548] ACPI: Added _OSI(Processor Aggregator Device)
[    0.464211] ACPI: Executed 1 blocks of module-level executable AML code
[    0.470136] ACPI: Interpreter enabled
[    0.471362] ACPI: (supports S0 S5)
[    0.472384] ACPI: Using IOAPIC for interrupt routing
[    0.473783] PCI: Using host bridge windows from ACPI; if necessary, use "pci=nocrs" and report a bug
[    0.479960] ACPI: PCI Root Bridge [PCI0] (domain 0000 [bus 00-ff])
[    0.481161] acpi PNP0A03:00: _OSC: OS supports [ASPM ClockPM Segments MSI]
[    0.482363] acpi PNP0A03:00: _OSC: not requesting OS control; OS requires [ExtendedConfig ASPM ClockPM MSI]
[    0.484007] acpi PNP0A03:00: fail to add MMCONFIG information, can't access extended PCI configuration space under this bridge.
[    0.486127] PCI host bridge to bus 0000:00
[    0.486889] pci_bus 0000:00: root bus resource [io  0x0000-0x0cf7 window]
[    0.488195] pci_bus 0000:00: root bus resource [io  0x0d00-0xffff window]
[    0.489488] pci_bus 0000:00: root bus resource [mem 0x000a0000-0x000bffff window]
[    0.490972] pci_bus 0000:00: root bus resource [mem 0x80000000-0xfdffffff window]
[    0.492522] pci_bus 0000:00: root bus resource [bus 00-ff]
[    0.495180] pci 0000:00:01.1: legacy IDE quirk: reg 0x10: [io  0x01f0-0x01f7]
[    0.496362] pci 0000:00:01.1: legacy IDE quirk: reg 0x14: [io  0x03f6]
[    0.497611] pci 0000:00:01.1: legacy IDE quirk: reg 0x18: [io  0x0170-0x0177]
[    0.498833] pci 0000:00:01.1: legacy IDE quirk: reg 0x1c: [io  0x0376]
[    0.527612] pci 0000:00:07.0: quirk: [io  0x4000-0x403f] claimed by PIIX4 ACPI
[    0.528897] pci 0000:00:07.0: quirk: [io  0x4100-0x410f] claimed by PIIX4 SMB
[    0.536237] ACPI: PCI Interrupt Link [LNKA] (IRQs 5 9 10 *11)
[    0.537697] ACPI: PCI Interrupt Link [LNKB] (IRQs 5 9 *10 11)
[    0.539037] ACPI: PCI Interrupt Link [LNKC] (IRQs 5 *9 10 11)
[    0.540396] ACPI: PCI Interrupt Link [LNKD] (IRQs 5 9 10 *11)
[    0.541736] ACPI: Enabled 2 GPEs in block 00 to 07
[    0.542889] vgaarb: setting as boot device: PCI:0000:00:02.0
[    0.543774] vgaarb: device added: PCI:0000:00:02.0,decodes=io+mem,owns=io+mem,locks=none
[    0.545097] vgaarb: loaded
[    0.545634] vgaarb: bridge control possible 0000:00:02.0
[    0.546755] SCSI subsystem initialized
[    0.547711] ACPI: bus type USB registered
[    0.548576] usbcore: registered new interface driver usbfs
[    0.549716] usbcore: registered new interface driver hub
[    0.550740] usbcore: registered new device driver usb
[    0.552029] PCI: Using ACPI for IRQ routing
[    0.553114] NetLabel: Initializing
[    0.553836] NetLabel:  domain hash size = 128
[    0.554917] NetLabel:  protocols = UNLABELED CIPSOv4
[    0.555849] NetLabel:  unlabeled traffic allowed by default
[    0.558115] amd_nb: Cannot enumerate AMD northbridges
[    0.560021] clocksource: Switched to clocksource kvm-clock
[    0.567084] AppArmor: AppArmor Filesystem Enabled
[    0.568023] pnp: PnP ACPI init
[    0.569332] pnp: PnP ACPI: found 3 devices
[    0.580520] clocksource: acpi_pm: mask: 0xffffff max_cycles: 0xffffff, max_idle_ns: 2085701024 ns
[    0.584032] NET: Registeed protocol family 2

[    0.614443] TCP established hash table entries: 16384 (order: 5, 131072 bytes)
[    0.615793] TCP bind hash table entries: 16384 (order: 6, 262144 bytes)
[    0.616868] TCP: Hash tables configured (established 16384 bind 16384)
[    0.617868] UDP hash table entries: 1024 (order: 3, 32768 bytes)
[    0.618808] UDP-Lite hash table entries: 1024 (order: 3, 32768 bytes)
[    0.619828] NET: Registered protocol family 1
[    0.620585] pci 0000:00:00.0: Limiting direct PCI/PCI transfers
[    0.621539] pci 0000:00:01.0: Activating ISA DMA hang workarounds
[    0.622678] Unpacking initramfs...
[    0.827648] Freeing initrd memory: 15364K
[    0.828670] platform rtc_cmos: registered platform RTC device (no PNP device found)
[    0.830522] Scanning for low memory corruption every 60 seconds
[    0.832117] audit: initializing netlink subsys (disabled)
[    0.833277] audit: type=2000 audit(1541688304.922:1): initialized
[    0.834656] Initialise system trusted keyring
[    0.835682] HugeTLB registered 2 MB page size, pre-allocated 0 pages
[    0.838156] zbud: loaded
[    0.839223] VFS: Disk quotas dquot_6.6.0
[    0.840127] VFS: Dquot-cache hash table entries: 512 (order 0, 4096 bytes)
[    0.841682] squashfs: version 4.0 (2009/01/31) Phillip Lougher
[    0.843164] fuse init (API version 7.23)
[    0.844260] Key type big_key registered
[    0.845165] Allocating IMA MOK and blacklist keyrings.
[    0.847499] Key type asymmetric registered
[    0.848444] Asymmetric key parser 'x509' registered
[    0.849609] Block layer SCSI generic (bsg) driver version 0.4 loaded (major 249)
[    0.851328] io scheduler noop registered
[    0.852249] io scheduler deadline registered (default)
[    0.853307] io scheduler cfq registered
[    0.854271] pci_hotplug: PCI Hot Plug PCI Core version: 0.5
[    0.855402] pciehp: PCI Express Hot Plug Controller Driver version: 0.4
[    0.858016] ACPI: AC Adapter [AC] (on-line)
[    0.859757] input: Power Button as /devices/LNXSYSTM:00/LNXPWRBN:00/input/input0
[    0.861417] ACPI: Power Button [PWRF]
[    0.862261] input: Sleep Button as /devices/LNXSYSTM:00/LNXSLPBN:00/input/input1
[    0.863898] ACPI: Sleep Button [SLPF]
[    0.865556] ACPI: Battery Slot [BAT0] (battery present)
[    0.866724] GHES: HEST is not enabled!
[    0.867782] Serial: 8250/16550 driver, 32 ports, IRQ sharing enabled
[    0.890895] 00:02: ttyS0 at I/O 0x3f8 (irq = 4, base_baud = 115200) is a 16550A
[    0.893562] Linux agpgart interface v0.103
[    0.895858] loop: module loaded
[    0.897187] scsi host0: ata_piix
[    0.898059] scsi host1: ata_piix
[    0.898852] ata1: PATA max UDMA/33 cmd 0x1f0 ctl 0x3f6 bmdma 0xd000 irq 14
[    0.900146] ata2: PATA max UDMA/33 cmd 0x170 ctl 0x376 bmdma 0xd008 irq 15
[    0.901519] libphy: Fixed MDIO Bus: probed
[    0.902389] tun: Universal TUN/TAP device driver, 1.6
[    0.903361] tun: (C) 1999-2004 Max Krasnyansky <maxk@qualcomm.com>
[    0.905616] PPP generic driver version 2.4.2
[    0.907524] ehci_hcd: USB 2.0 'Enhanced' Host Controller (EHCI) Driver
[    0.908840] ehci-pci: EHCI PCI platform driver
[    0.909852] ehci-platform: EHCI generic platform driver
[    0.910901] ohci_hcd: USB 1.1 'Open' Host Controller (OHCI) Driver
[    0.912083] ohci-pci: OHCI PCI platform driver
[    0.913052] ohci-platform: OHCI generic platform driver
[    0.914015] uhci_hcd: USB Universal Host Controller Interface driver
[    0.915268] i8042: PNP: PS/2 Controller [PNP0303:PS2K,PNP0f03:PS2M] at 0x60,0x64 irq 1,12
[    0.917492] serio: i8042 KBD port at 0x60,0x64 irq 1
[    0.918567] serio: i8042 AUX port at 0x60,0x64 irq 12
[    0.919764] mousedev: PS/2 mouse device common for all mice
[    0.921397] input: AT Translated Set 2 keyboard as /devices/platform/i8042/serio0/input/input2
[    0.923200] rtc_cmos rtc_cmos: rtc core: registered rtc_cmos as rtc0
[    0.924652] rtc_cmos rtc_cmos: alarms up to one day, 114 bytes nvram
[    0.926011] i2c /dev entries driver
[    0.926935] device-mapper: uevent: version 1.0.3
[    0.928018] device-mapper: ioctl: 4.34.0-ioctl (2015-10-28) initialised: dm-devel@redhat.com
[    0.930013] ledtrig-cpu: registered to indicate activity on CPUs
[    0.931748] NET: Registered protocol family 10
[    0.933009] NET: Registered protocol family 17
[    0.934014] Key type dns_resolver registered
[    0.938220] registered taskstats version 1
[    0.939040] Loading compiled-in X.509 certificates
[    0.940665] Loaded X.509 cert 'Build time autogenerated kernel key: 9a104bc44b81e9426fe5c715e47d021d02d69eba'
[    0.942794] zswap: loaded using pool lzo/zbud
[    0.945547] Key type trusted registered
[    0.949415] Key typ  encrypted registered
[    0.974335] AppArmor: AppArmor sha1 policy hashing enabled
[    0.975414] ima: No TPM chip found, activating TPM-bypass!
[    0.977504] ima: Allocated hash algorithm: sha1
[    0.979437] evm: HMAC attrs: 0x1
[    0.980637]   Magic number: 10:799:737
[    0.981624] rtc_cmos rtc_cmos: setting system clock to 2018-11-08 14:44:59 UTC (1541688299)
[    0.983495] BIOS EDD facility v0.16 2004-Jun-25, 0 devices found
[    0.984697] EDD information not available.
[    1.059810] Freeing unused kernel memory: 1528K
[    1.065847] Write protecting the kernel read-only data: 14336k
[    1.070369] Freeing unused kernel memory: 1664K
[    1.073698] Freeing unused kernel memory: 92K
Loading, please wait...
starting version 229
[    1.112867] random: systemd-udevd: uninitialized urandom read (16 bytes read, 3 bits of entropy available)
[    1.113758] random: udevadm: uninitialized urandom read (16 bytes read, 3 bits of entropy available)
[    1.113820] random: udevadm: uninitialized urandom read (16 bytes read, 3 bits of entropy available)
[    1.128437] random: udevadm: uninitialized urandom read (16 bytes read, 3 bits of entropy available)
[    1.128491] random: udevadm: uninitialized urandom read (16 bytes read, 3 bits of entropy available)
[    1.128661] random: udevadm: uninitialized urandom read (16 bytes read, 3 bits of entropy available)
[    1.128721] random: udevadm: uninitialized urandom read (16 bytes read, 3 bits of entropy available)
[    1.128779] random: udevadm: uninitialized urandom read (16 bytes read, 3 bits of entropy available)
[    1.128837] random: udevadm: uninitialized urandom read (16 bytes read, 3 bits of entropy available)
[    1.128895] random: udevadm: uninitialized urandom read (16 bytes read, 3 bits of entropy available)
[    1.176834] Fusion MPT base driver 3.04.20
[    1.178144] Copyright (c) 1999-2008 LSI Corporation
[    1.179678] e1000: Intel(R) PRO/1000 Network Driver - version 7.3.21-k8-NAPI
[    1.181009] e1000: Copyright (c) 1999-2006 Intel Corporation.
[    1.184452] Fusion MPT SPI Host driver 3.04.20
[    1.204652] AVX2 version of gcm_enc/dec engaged.
[    1.205653] AES CTR mode by8 optimization enabled
[    1.390419] input: ImExPS/2 Generic Explorer Mouse as /devices/platform/i8042/serio1/input/input4
[    1.531431] e1000 0000:00:03.0 eth0: (PCI:33MHz:32-bit) 02:20:a7:f8:0a:b5
[    1.534968] e1000 0000:00:03.0 eth0: Intel(R) PRO/1000 Network Connection
[    1.539365] mptbase: ioc0: Initiating bringup
[    1.540426] e1000 0000:00:03.0 enp0s3: renamed from eth0
[    1.810495] ioc0: LSI53C1030 A0: Capabilities={Initiator}
[    1.920793] tsc: Refined TSC clocksource calibration: 2591.096 MHz
[    1.924184] clocksource: tsc: mask: 0xffffffffffffffff max_cycles: 0x255960b3ac0, max_idle_ns: 440795271037 ns
[    2.982826] scsi host2: ioc0: LSI53C1030 A0, FwRev=00000000h, Ports=1, MaxQ=256, IRQ=20
[    3.264698] scsi 2:0:0:0: Direct-Access     VBOX     HARDDISK         1.0  PQ: 0 ANSI: 5
[    3.269374] scsi target2:0:0: Beginning Domain Validation
[    3.271928] scsi target2:0:0: Domain Validation skipping write tests
[    3.273018] scsi target2:0:0: Ending Domain Validation
[    3.273975] scsi target2:0:0: asynchronous
[    3.275159] scsi 2:0:1:0: Direct-Access     VBOX     HARDDISK         1.0  PQ: 0 ANSI: 5
[    3.276661] scsi target2:0:1: Beginning Domain Validation
[    3.278196] scsi target2:0:1: Domain Validation skipping write tests
[    3.288528] scsi target2:0:1: Ending Domain Validation
[    3.289477] scsi target2:0:1: asynchronous
[    3.294149] sd 2:0:0:0: Attached scsi generic sg0 type 0
[    3.295138] sd 2:0:0:0: [sda] 20971520 512-byte logical blocks: (10.7 GB/10.0 GiB)
[    3.296879] sd 2:0:1:0: [sdb] 20480 512-byte logical blocks: (10.5 MB/10.0 MiB)
[    3.298296] sd 2:0:1:0: Attached scsi generic sg1 type 0
[    3.298361] sd 2:0:0:0: [sda] Write Protect is off
[    3.300188] sd 2:0:0:0: [sda] Incomplete mode parameter data
[    3.301203] sd 2:0:0:0: [sda] Assuming drive cache: write through
[    3.302281] sd 2:0:1:0: [sdb] Write Protect is off
[    3.303422] sd 2:0:1:0: [sdb] Incomplete mode parameter data
[    3.305421] sd 2:0:1:0: [sdb] Assuming drive cache: write through
[    3.308941]  sda: sda1
[    3.309902] sd 2:0:0:0: [sda] Attached SCSI disk
[    3.332385] sd 2:0:1:0: [sdb] Attached SCSI disk
Begin: Loading essential drivers ... [    4.685481] md: linear personality registered for level -1
[    4.688951] md: multipath personality registered for level -4
[    4.693240] md: raid0 personality registered for level 0
[    4.697444] md: raid1 personality registered for level 1
[    4.776205] raid6: sse2x1   gen() 10289 MB/s
[    4.853699] raid6: sse2x1   xor()  8329 MB/s
[    4.923756] raid6: sse2x2   gen() 11857 MB/s
[    4.992287] raid6: sse2x2   xor()  8883 MB/s
[    5.060088] raid6: sse2x4   gen() 14602 MB/s
[    5.128057] raid6: sse2x4   xor() 10062 MB/s
[    5.196249] raid6: avx2x1   gen() 20844 MB/s
[    5.264322] raid6: avx2x2   gen() 23915 MB/s
[    5.335660] raid6: avx2x4   gen() 27806 MB/s
[    5.336690] raid6: using algorithm avx2x4 gen() 27806 MB/s
[    5.337824] raid6: using avx2x2 recovery algorithm
[    5.340196] xor: automatically using best checksumming function:
[    5.383775]    avx       : 42638.000 MB/sec
[    5.386310] async_tx: api initialized (async)
[    5.392956] md: raid6 personality registered for level 6
[    5.394038] md: raid5 personality registered for level 5
[    5.395048] md: raid4 personality registered for level 4
[    5.400518] md: raid10 personality registered for level 10
done.
Begin: Running /scripts/init-premount ... done.
Begin: Mounting root file system ... Begin: Running /scripts/local-top ... done.
Begin: Running /scripts/local-premount ... [    5.426287] Btrfs loaded
Scanning for Btrfs filesystems
done.
Warning: fsck not present, so skipping root file system
[    5.549222] EXT4-fs (sda1): mounted filesystem with ordered data mode. Opts: (null)
done.
Begin: Running /scripts/local-bottom ... done.
Begin: Running /scripts/init-bottom ... done.
[    6.093815] systemd[1]: systemd 229 running in system mode. (+PAM +AUDIT +SELINUX +IMA +APPARMOR +SMACK +SYSVINIT +UTMP +LIBCRYPTSETUP +GCRYPT +GNUTLS +ACL +XZ -LZ4 +SECCOMP +BLKID +ELFUTILS +KMOD -IDN)
[    6.103550] systemd[1]: Detected virtualization oracle.
[    6.121060] systemd[1]: Detected architecture x86-64.

Welcome to [1mUbuntu 16.04.5 LTS[0m!

[    6.159279] systemd[1]: Set hostname to <cis380Dev>.
[    6.462141] random: nonblocking pool is initialized
[    6.969190] systemd[1]: Listening on Journal Socket (/dev/log).
[[0;32m  OK  [0m] Listening on Journal Socket (/dev/log).
[    6.971160] systemd[1]: Listening on LVM2 metadata daemon socket.
[[0;32m  OK  [0m] Listening on LVM2 metadata daemon socket.
[    6.973204] systemd[1]: Listening on Journal Socket.
[[0;32m  OK  [0m] Listening on Journal Socket.
[    6.974952] systemd[1]: Started Trigger resolvconf update for networkd DNS.
[[0;32m  OK  [0m] Started Trigger resolvconf update for networkd DNS.
[    6.977137] systemd[1]: Reached target Swap.
[[0;32m  OK  [0m] Reached target Swap.
[    6.978819] systemd[1]: Set up automount Arbitrary Executable File Formats File System Automount Point.
[[0;32m  OK  [0m] Set up automount Arbitrary Executab...ats File System Automount Point.
[    6.981522] systemd[1]: Listening on LVM2 poll daemon socket.
[[0;32m  OK  [0m] Listening on LVM2 poll daemon socket.
[    6.983285] systemd[1]: Reached target User and Group Name Lookups.
[[0;32m  OK  [0m] Reached target User and Group Name Lookups.
[    6.985210] systemd[1]: Listening on udev Kernel Socket.
[[0;32m  OK  [0m] Listening on udev Kernel Socket.
[    6.986874] systemd[1]: Listening on Device-mapper event daemon FIFOs.
[[0;32m  OK  [0m] Listening on Device-mapper event daemon FIFOs.
[    6.990194] systemd[1]: Created slice User and Session Slice.
[[0;32m  OK  [0m] Created slice User and Session Slice.
[    6.992119] systemd[1]: Reached target Encrypted Volumes.
[[0;32m  OK  [0m] Reached target Encrypted Volumes.
[    6.993843] systemd[1]: Listening on Journal Audit Socket.
[[0;32m  OK  [0m] Listening on Journal Audit Socket.
[    6.995560] systemd[1]: Listening on udev Control Socket.
[[0;32m  OK  [0m] Listening on udev Control Socket.
[    6.997571] systemd[1]: Created slice System Slice.
[[0;32m  OK  [0m] Created slice System Slice.
[    7.012367] systemd[1]: Starting Monitoring of LVM2 mirrors, snapshots etc. using dmeventd or progress polling...
         Starting Monitoring of LVM2 mirrors... dmeventd or progress polling...
[    7.080253] systemd[1]: Starting Load Kernel Modules...
         Starting Load Kernel Modules...
[    7.085029] systemd[1]: Mounting Debug File System...
         Mounting Debug File System...
[    7.095728] systemd[1]: Created slice system-serial\x2dgetty.slice.
[[0;32m  OK  [0m] Created slice system-serial\x2dgetty.slice.
[    7.099379] systemd[1]: Starting Uncomplicated firewall...
         Starting Uncomplicated firewall...
[    7.116304] systemd[1]: Mounting POSIX Message Queue File System...
         Mounting POSIX Message Queue File System...
[    7.122841] systemd[1]: Starting Remount Root and Kernel File Systems...
         Starting Remount Root and Kernel File Systems...
[    7.136872] systemd[1]: Starting Set console keymap...
         Starting Set console keymap...
[    7.145120] systemd[1]: Listening on /dev/initctl Compatibility Named Pipe.
[[0;32m  OK  [0m] Listening on /dev/initctl Compatibility Named Pipe.
[    7.147112] systemd[1]: Started Forward Password Requests to Wall Directory Watch.
[[0;32m  OK  [0m] Started Forward Password Requests to Wall Directory Watch.
[    7.149371] systemd[1]: Reached target Slices.
[[0;32m  OK  [0m] Reached target Slices.
[    7.168696] systemd[1]: Reached target System Time Synchronized.
[[0;32m  OK  [0m] Reached target System Time Synchronized.
[    7.204015] Loading iSCSI transport class v2.0-870.
[    7.220579] systemd[1]: Starting Nameserver information manager...
         Starting Nameserver information manager...
[    7.230714] systemd[1]: Listening on Syslog Socket.
[[0;32m  OK  [0m] Listening on Syslog Socket.
[    7.236599] systemd[1]: Starting Journal Service...
         Starting Journal Service...
[    7.240321] systemd[1]: Mounting Huge Pages File System...
[    7.241874] EXT4-fs (sda1): re-mounted. Opts: (null)
         Mounting Huge Pages File System...
[    7.246429] systemd[1]: Starting Create list of required static device nodes for the current kernel...
         Starting Create list of required st... nodes for the current kernel...
[    7.251042] systemd[1]: Mounted Huge Pages File System.
[[0;32m  OK  [0m] Mounted Huge Pages File System.
[    7.253083] systemd[1]: Mounted POSIX Message Queue File System.
[    7.254156] iscsi: registered transport (tcp)
[[0;32m  OK  [0m] Mounted POSIX Message Queue File System.
[    7.255552] systemd[1]: Mounted Debug File System.
[[0;32m  OK  [0m] Mounted Debug File System.
[    7.266217] systemd[1]: Started Uncomplicated firewall.
[[0;32m  OK  [0m] Started Uncomplicated firewall.
[    7.268563] systemd[1]: Started Remount Root and Kernel File Systems.
[[0;32m  OK  [0m] Started Remount Root and Kernel File Systems.
[    7.307430] systemd[1]: Started LVM2 metadata daemon.
[[0;32m  OK  [0m] Started LVM2 metadata daemon.
[    7.310806] systemd[1]: Starting Load/Save Random Seed...
         Starting Load/Save Random Seed...
[    7.318725] systemd[1]: Starting udev Coldplug all Devices...
         Starting udev Coldplug all Devices...
[    7.321434] systemd[1]: Started Nameserver information manager.
[[0;32m  OK  [0m] Started Nameserver information manager.
[    7.365049] systemd[1]: Started Create list of required static device nodes for the current kernel.
[[0;32m  OK  [0m] Started Create list of required sta...ce nodes for the current kernel.
[    7.404386] systemd[1]: Starting Create Static Device Nodes in /dev...
         Starting Create Static Device Nodes in /dev...
[    7.426308] systemd[1]: Started Set console keymap.
[[0;32m  OK  [0m] Started Set console keymap.
[    7.449008] systemd[1]: Started Load/Save Random Seed.
[[0;32m  OK  [0m] Started Load/Save Random Seed.
[    7.507957] systemd[1]: Started Journal Service.
[[0;32m  OK  [0m] Started Journal Service.
         Starting Flush Journal to Persistent Storage...
[[0;32m  OK  [0m] Started udev Coldplug all Devices.
[    7.544887] iscsi: registered transport (iser)
[[0;32m  OK  [0m] Started Load Kernel Modules.
         Mounting FUSE Control File System...
         Starting Apply Kernel Variables...
[[0;32m  OK  [0m] Mounted FUSE Control File System.
[    7.689940] systemd-journald[397]: Received request to flush runtime journal from PID 1
[[0;32m  OK  [0m] Started Flush Journal to Persistent Storage.
[[0;32m  OK  [0m] Started Apply Kernel Variables.
[[0;32m  OK  [0m] Started Monitoring of LVM2 mirrors,...ng dmeventd or progress polling.
[[0;32m  OK  [0m] Started Create Static Device Nodes in /dev.
[[0;32m  OK  [0m] Reached target Local File Systems (Pre).
[[0;32m  OK  [0m] Reached target Local File Systems.
         Starting LSB: AppArmor initialization...
         Starting Enable support for additional executable binary formats...
         Starting Tell Plymouth To Write Out Runtime Data...
         Starting Set console font and keymap...
         Starting Initial cloud-init job (pre-networking)...
         Starting Create Volatile Files and Directories...
         Starting udev Kernel Device Manager...
[[0;32m  OK  [0m] Started Tell Plymouth To Write Out Runtime Data.
         Mounting Arbitrary Executable File Formats File System...
[[0;32m  OK  [0m] Mounted Arbitrary Executable File Formats File System.
[[0;32m  OK  [0m] Started Create Volatile Files and Directories.
         Starting Update UTMP about System Boot/Shutdown...
[[0;32m  OK  [0m] Started Enable support for additional executable binary formats.
[[0;32m  OK  [0m] Started Update UTMP about System Boot/Shutdown.
[[0;32m  OK  [0m] Started udev Kernel Device Manager.
[[0;32m  OK  [0m] Started Dispatch Password Requests to Console Directory Watch.
[[0;32m  OK  [0m] Started Set console font and keymap.
[[0;32m  OK  [0m] Created slice system-getty.slice.
[[0;32m  OK  [0m] Found device /dev/ttyS0.
[[0;32m  OK  [0m] Listening on Load/Save RF Kill Switch Status /dev/rfkill Watch.
[[0;32m  OK  [0m] Started LSB: AppArmor initialization.
[[0;32m  OK  [0m] Found device 82540EM Gigabit Ethern...r (PRO/1000 MT Desktop Adapter).
[   11.858806] cloud-init[482]: Cloud-init v. 18.4-0ubuntu1~16.04.2 running 'init-local' at Thu, 08 Nov 2018 14:45:10 +0000. Up 11.25 seconds.
[[0;32m  OK  [0m] Started Initial cloud-init job (pre-networking).
[[0;32m  OK  [0m] Reached target Network (Pre).
         Starting Raise network interfaces...
[[0;32m  OK  [0m] Started ifup for enp0s3.
[[0;32m  OK  [0m] Started Raise network interfaces.
[[0;32m  OK  [0m] Reached target Network.
         Starting Initial cloud-init job (metadata service crawler)...
[   12.973632] cloud-init[977]: Cloud-init v. 18.4-0ubuntu1~16.04.2 running 'init' at Thu, 08 Nov 2018 14:45:11 +0000. Up 12.47 seconds.
[   12.979575] cloud-init[977]: ci-info: +++++++++++++++++++++++++++++++++++++Net device info++++++++++++++++++++++++++++++++++++++
[   12.988272] cloud-init[977]: ci-info: +--------+------+---------------------------+---------------+--------+-------------------+
[   12.993097] cloud-init[977]: ci-info: | Device |  Up  |          Address          |      Mask     | Scope  |     Hw-Address    |
[   12.995141] cloud-init[977]: ci-info: +--------+------+---------------------------+---------------+--------+-------------------+
[   12.996892] cloud-init[977]: ci-info: | enp0s3 | True |         10.0.2.15         | 255.255.255.0 | global | 02:20:a7:f8:0a:b5 |
[   12.999519] cloud-init[977]: ci-info: | enp0s3 | True | fe80::20:a7ff:fef8:ab5/64 |       .       |  link  | 02:20:a7:f8:0a:b5 |
[   13.001556] cloud-init[977]: ci-info: |   lo   | True |         127.0.0.1         |   255.0.0.0   |  host  |         .         |
[   13.003371] cloud-init[977]: ci-info: |   lo   | True |          ::1/128          |       .       |  host  |         .         |
[   13.004883] cloud-init[977]: ci-info: +--------+------+---------------------------+---------------+--------+-------------------+
[   13.006363] cloud-init[977]: ci-info: +++++++++++++++++++++++++++Route IPv4 info++++++++++++++++++++++++++++
[   13.007668] cloud-init[977]: ci-info: +-------+-------------+----------+---------------+-----------+-------+
[   13.009021] cloud-init[977]: ci-info: | Route | Destination | Gateway  |    Genmask    | Interface | Flags |
[   13.010311] cloud-init[977]: ci-info: +-------+-------------+----------+---------------+-----------+-------+
[   13.011592] cloud-init[977]: ci-info: |   0   |   0.0.0.0   | 10.0.2.2 |    0.0.0.0    |   enp0s3  |   UG  |
[   13.013315] cloud-init[977]: ci-info: |   1   |   10.0.2.0  | 0.0.0.0  | 255.255.255.0 |   enp0s3  |   U   |
[   13.014736] cloud-init[977]: ci-info: +-------+-------------+----------+---------------+-----------+-------+
[   13.016661] cloud-init[977]: ci-info: +++++++++++++++++++Route IPv6 info+++++++++++++++++++
[   13.020880] cloud-init[977]: ci-info: +-------+-------------+---------+-----------+-------+
[   13.022260] cloud-init[977]: ci-info: | Route | Destination | Gateway | Interface | Flags |
[   13.024480] cloud-init[977]: ci-info: +-------+-------------+---------+-----------+-------+
[   13.037663] cloud-init[977]: ci-info: |   0   |  fe80::/64  |    ::   |   enp0s3  |   U   |
[   13.039175] cloud-init[977]: ci-info: |   3   |   ff00::/8  |    ::   |   enp0s3  |   U   |
[   13.041184] cloud-init[977]: ci-info: +-------+-------------+---------+-----------+-------+
[[0;32m  OK  [0m] Started Initial cloud-init job (metadata service crawler).
[[0;32m  OK  [0m] Reached target Network is Online.
         Starting iSCSI initiator daemon (iscsid)...
[[0;32m  OK  [0m] Reached target System Initialization.
[[0;32m  OK  [0m] Started Daily apt download activities.
         Starting LXD - unix socket.
[[0;32m  OK  [0m] Listening on UUID daemon activation socket.
         Starting Socket activation for snappy daemon.
[[0;32m  OK  [0m] Listening on D-Bus System Message Bus Socket.
[[0;32m  OK  [0m] Started ACPI Events Check.
[[0;32m  OK  [0m] Reached target Paths.
[[0;32m  OK  [0m] Started Daily Cleanup of Temporary Directories.
[[0;32m  OK  [0m] Started Daily apt upgrade and clean activities.
[[0;32m  OK  [0m] Reached target Timers.
[[0;32m  OK  [0m] Listening on ACPID Listen Socket.
[[0;32m  OK  [0m] Reached target Cloud-config availability.
[[0;32m  OK  [0m] Listening on LXD - unix socket.
[[0;32m  OK  [0m] Listening on Socket activation for snappy daemon.
[[0;32m  OK  [0m] Reached target Sockets.
[[0;32m  OK  [0m] Reached target Basic System.
         Starting Virtualbox guest utils...
         Starting LSB: MD monitoring daemon...
[[0;32m  OK  [0m] Started Unattended Upgrades Shutdown.
[[0;32m  OK  [0m] Started Regular background program processing daemon.
         Starting LSB: Record successful boot for GRUB...
         Starting Login Service...
[[0;32m  OK  [0m] Started FUSE filesystem for LXC.
         Starting /etc/rc.local Compatibility...
[[0;32m  OK  [0m] Started D-Bus System Message Bus.
         Starting System Logging Service...
         Starting Accounts Service...
[[0;32m  OK  [0m] Started Deferred execution scheduler.
[[0;32m  OK  [0m] Started ACPI event daemon.
         Starting OpenBSD Secure Shell server...
         Starting Snappy daemon...
         Starting LXD - container startup/shutdown...
[[0;32m  OK  [0m] Started iSCSI initiator daemon (iscsid).
[[0;32m  OK  [0m] Started /etc/rc.local Compatibility.
         Starting Login to default iSCSI targets...
[[0;32m  OK  [0m] Started Login Service.
[[0;32m  OK  [0m] Started LSB: Record successful boot for GRUB.
[[0;32m  OK  [0m] Started System Logging Service.
[[0;32m  OK  [0m] Started LSB: MD monitoring daemon.
[[0;32m  OK  [0m] Started Login to default iSCSI targets.
[[0;32m  OK  [0m] Reached target Remote File Systems (Pre).
[[0;32m  OK  [0m] Reached target Remote File Systems.
         Starting LSB: Set the CPU Frequency Scaling governor to "ondemand"...
         Starting LSB: daemon to balance interrupts for SMP systems...
         Starting Permit User Sessions...
         Starting LSB: automatic crash report generation...
[[0;32m  OK  [0m] Started LSB: Set the CPU Frequency Scaling governor to "ondemand".
[[0;32m  OK  [0m] Started Permit User Sessions.
         Starting Terminate Plymouth Boot Screen...
         Starting Hold until boot process finishes up...
[[0;32m  OK  [0m] Started Hold until boot process finishes up.
[[0;32m  OK  [0m] Started Terminate Plymouth Boot Screen.
[[0;32m  OK  [0m] Started Serial Getty on ttyS0.
         Starting Set console scheme...
[[0;32m  OK  [0m] Started Getty on tty1.
[[0;32m  OK  [0m] Reached target Login Prompts.
[[0;32m  OK  [0m] Started LSB: daemon to balance interrupts for SMP systems.
[[0;32m  OK  [0m] Started Set console scheme.
[[0;32m  OK  [0m] Started LSB: automatic crash report generation.
[[0;32m  OK  [0m] Started Virtualbox guest utils.
[[0;32m  OK  [0m] Started OpenBSD Secure Shell server.
         Starting Authenticate and Authorize Users to Run Privileged Tasks...
[[0;32m  OK  [0m] Started Authenticate and Authorize Users to Run Privileged Tasks.
[[0;32m  OK  [0m] Started Accounts Service.
[[0;32m  OK  [0m] Started LXD - container startup/shutdown.
[[0;32m  OK  [0m] Started Snappy daemon.
         Starting Wait until snapd is fully seeded...
[[0;32m  OK  [0m] Started Wait until snapd is fully seeded.
[[0;32m  OK  [0m] Reached target Multi-User System.
[[0;32m  OK  [0m] Reached target Graphical Interface.
         Starting Update UTMP about System Runlevel Changes...
         Starting Apply the settings specified in cloud-config...
[[0;32m  OK  [0m] Started Update UTMP about System Runlevel Changes.
[   16.112187] cloud-init[1219]: Cloud-init v. 18.4-0ubuntu1~16.04.2 running 'modules:config' at Thu, 08 Nov 2018 14:45:14 +0000. Up 15.97 seconds.
[[0;32m  OK  [0m] Started Apply the settings specified in cloud-config.
         Starting Execute cloud user/final scripts...
[   16.541010] cloud-init[1232]: Cloud-init v. 18.4-0ubuntu1~16.04.2 running 'modules:final' at Thu, 08 Nov 2018 14:45:15 +0000. Up 16.44 seconds.
[   16.544064] cloud-init[1232]: Cloud-init v. 18.4-0ubuntu1~16.04.2 finished at Thu, 08 Nov 2018 14:45:15 +0000. Datasource DataSourceNoCloud [seed=/dev/sdb][dsmode=net].  Up 16.53 seconds
[[0;32m  OK  [0m] Started Execute cloud user/final scripts.
[[0;32m  OK  [0m] Reached target Cloud-init target.

Ubuntu 16.04.5 LTS cis380Dev ttyS0

cis380Dev login: 